error[E0277]: the trait bound `Baz: quantities::HasRefUnit` is not satisfied
  --> tests/ui/derived_res_no_ref_unit.rs:22:1
   |
22 | #[quantity(Foo * Bar)]
   | ^^^^^^^^^^^^^^^^^^^^^^ the trait `quantities::HasRefUnit` is not implemented for `Baz`
   |
   = help: the following other types implement trait `quantities::HasRefUnit`:
             Acceleration
             Area
             Bar
             DataThroughput
             DataVolume
             Energy
             Foo
             Force
           and $N others
   = help: see issue #48214
   = note: this error originates in the attribute macro `quantity` (in Nightly builds, run with -Z macro-backtrace for more info)

error[E0277]: the trait bound `BazUnit: quantities::LinearScaledUnit` is not satisfied
  --> tests/ui/derived_res_no_ref_unit.rs:22:1
   |
22 | #[quantity(Foo * Bar)]
   | ^^^^^^^^^^^^^^^^^^^^^^ the trait `quantities::LinearScaledUnit` is not implemented for `BazUnit`
   |
   = help: the following other types implement trait `quantities::LinearScaledUnit`:
             AccelerationUnit
             AreaUnit
             BarUnit
             DataThroughputUnit
             DataVolumeUnit
             DurationUnit
             EnergyUnit
             FooUnit
           and $N others
note: required by a bound in `quantities::HasRefUnit`
  --> src/lib.rs
   |
   |     <Self as Quantity>::UnitType: LinearScaledUnit,
   |                                   ^^^^^^^^^^^^^^^^ required by this bound in `HasRefUnit`
   = note: this error originates in the attribute macro `quantity` (in Nightly builds, run with -Z macro-backtrace for more info)

error[E0277]: the trait bound `Baz: quantities::HasRefUnit` is not satisfied
  --> tests/ui/derived_res_no_ref_unit.rs:22:1
   |
22 | #[quantity(Foo * Bar)]
   | ^^^^^^^^^^^^^^^^^^^^^^ the trait `quantities::HasRefUnit` is not implemented for `Baz`
   |
   = help: the following other types implement trait `quantities::HasRefUnit`:
             Acceleration
             Area
             Bar
             DataThroughput
             DataVolume
             Energy
             Foo
             Force
           and $N others
note: required for `Baz` to implement `std::ops::Div<Bar>`
  --> tests/ui/derived_res_no_ref_unit.rs:22:1
   |
22 | #[quantity(Foo * Bar)]
   | ^^^^^^^^^^^^^^^^^^^^^^ unsatisfied trait bound introduced here
23 | #[unit(Bazoo, "b", "1路f路e")]
24 | struct Baz {}
   |        ^^^
   = help: see issue #48214
   = note: this error originates in the attribute macro `quantity` (in Nightly builds, run with -Z macro-backtrace for more info)

error[E0277]: the trait bound `Baz: quantities::HasRefUnit` is not satisfied
  --> tests/ui/derived_res_no_ref_unit.rs:22:1
   |
22 | #[quantity(Foo * Bar)]
   | ^^^^^^^^^^^^^^^^^^^^^^ the trait `quantities::HasRefUnit` is not implemented for `Baz`
   |
   = help: the following other types implement trait `quantities::HasRefUnit`:
             Acceleration
             Area
             Bar
             DataThroughput
             DataVolume
             Energy
             Foo
             Force
           and $N others
note: required for `Baz` to implement `std::ops::Div<Foo>`
  --> tests/ui/derived_res_no_ref_unit.rs:22:1
   |
22 | #[quantity(Foo * Bar)]
   | ^^^^^^^^^^^^^^^^^^^^^^ unsatisfied trait bound introduced here
23 | #[unit(Bazoo, "b", "1路f路e")]
24 | struct Baz {}
   |        ^^^
   = help: see issue #48214
   = note: this error originates in the attribute macro `quantity` (in Nightly builds, run with -Z macro-backtrace for more info)
